
Merging program properties

Removed property 0xc0000002 to merge bio.o (0x3) and entry.o (not found)
Removed property 0xc0000002 to merge bio.o (not found) and console.o (0x3)
Removed property 0xc0000002 to merge bio.o (not found) and exec.o (0x3)
Removed property 0xc0000002 to merge bio.o (not found) and file.o (0x3)
Removed property 0xc0000002 to merge bio.o (not found) and fs.o (0x3)
Removed property 0xc0000002 to merge bio.o (not found) and ide.o (0x3)
Removed property 0xc0000002 to merge bio.o (not found) and ioapic.o (0x3)
Removed property 0xc0000002 to merge bio.o (not found) and kalloc.o (0x3)
Removed property 0xc0000002 to merge bio.o (not found) and kbd.o (0x3)
Removed property 0xc0000002 to merge bio.o (not found) and lapic.o (0x3)
Removed property 0xc0000002 to merge bio.o (not found) and log.o (0x3)
Removed property 0xc0000002 to merge bio.o (not found) and main.o (0x3)
Removed property 0xc0000002 to merge bio.o (not found) and mp.o (0x3)
Removed property 0xc0000002 to merge bio.o (not found) and picirq.o (0x3)
Removed property 0xc0000002 to merge bio.o (not found) and pipe.o (0x3)
Removed property 0xc0000002 to merge bio.o (not found) and proc.o (0x3)
Removed property 0xc0000002 to merge bio.o (not found) and sleeplock.o (0x3)
Removed property 0xc0000002 to merge bio.o (not found) and spinlock.o (0x3)
Removed property 0xc0000002 to merge bio.o (not found) and string.o (0x3)
Removed property 0xc0000002 to merge bio.o (not found) and syscall.o (0x3)
Removed property 0xc0000002 to merge bio.o (not found) and sysfile.o (0x3)
Removed property 0xc0000002 to merge bio.o (not found) and sysproc.o (0x3)
Removed property 0xc0000002 to merge bio.o (not found) and trap.o (0x3)
Removed property 0xc0000002 to merge bio.o (not found) and uart.o (0x3)
Removed property 0xc0000002 to merge bio.o (not found) and vm.o (0x3)

Allocating common symbols
Common symbol       size              file

log                 0xc4              log.o
kmem                0x3c              kalloc.o
ioapicid            0x1               mp.o
ioapic              0x4               ioapic.o
bcache              0x4958            bio.o
input               0x8c              console.o
stack               0x1000            entry.o
kpgdir              0x4               vm.o
tickslock           0x34              trap.o
ftable              0x994             file.o
cpus                0x580             mp.o
sb                  0x1c              fs.o
lapic               0x4               lapic.o
idt                 0x800             trap.o
ncpu                0x4               mp.o
ticks               0x4               trap.o
ptable              0x2034            proc.o
devsw               0x50              file.o
icache              0x1c54            fs.o

Discarded input sections

 .note.GNU-stack
                0x0000000000000000        0x0 bio.o
 .note.gnu.property
                0x0000000000000000       0x1c bio.o
 .eh_frame      0x0000000000000000       0xd0 bio.o
 .note.GNU-stack
                0x0000000000000000        0x0 console.o
 .note.gnu.property
                0x0000000000000000       0x1c console.o
 .eh_frame      0x0000000000000000      0x190 console.o
 .note.GNU-stack
                0x0000000000000000        0x0 exec.o
 .note.gnu.property
                0x0000000000000000       0x1c exec.o
 .eh_frame      0x0000000000000000       0x48 exec.o
 .note.GNU-stack
                0x0000000000000000        0x0 file.o
 .note.gnu.property
                0x0000000000000000       0x1c file.o
 .eh_frame      0x0000000000000000      0x194 file.o
 .note.GNU-stack
                0x0000000000000000        0x0 fs.o
 .note.gnu.property
                0x0000000000000000       0x1c fs.o
 .eh_frame      0x0000000000000000      0x420 fs.o
 .note.GNU-stack
                0x0000000000000000        0x0 ide.o
 .note.gnu.property
                0x0000000000000000       0x1c ide.o
 .eh_frame      0x0000000000000000       0xcc ide.o
 .note.GNU-stack
                0x0000000000000000        0x0 ioapic.o
 .note.gnu.property
                0x0000000000000000       0x1c ioapic.o
 .eh_frame      0x0000000000000000       0x60 ioapic.o
 .note.GNU-stack
                0x0000000000000000        0x0 kalloc.o
 .note.gnu.property
                0x0000000000000000       0x1c kalloc.o
 .eh_frame      0x0000000000000000       0xe4 kalloc.o
 .note.GNU-stack
                0x0000000000000000        0x0 kbd.o
 .note.gnu.property
                0x0000000000000000       0x1c kbd.o
 .eh_frame      0x0000000000000000       0x7c kbd.o
 .note.GNU-stack
                0x0000000000000000        0x0 lapic.o
 .note.gnu.property
                0x0000000000000000       0x1c lapic.o
 .eh_frame      0x0000000000000000       0xbc lapic.o
 .note.GNU-stack
                0x0000000000000000        0x0 log.o
 .note.gnu.property
                0x0000000000000000       0x1c log.o
 .eh_frame      0x0000000000000000      0x118 log.o
 .note.GNU-stack
                0x0000000000000000        0x0 main.o
 .note.gnu.property
                0x0000000000000000       0x1c main.o
 .eh_frame      0x0000000000000000       0x78 main.o
 .note.GNU-stack
                0x0000000000000000        0x0 mp.o
 .note.gnu.property
                0x0000000000000000       0x1c mp.o
 .eh_frame      0x0000000000000000       0x84 mp.o
 .note.GNU-stack
                0x0000000000000000        0x0 picirq.o
 .note.gnu.property
                0x0000000000000000       0x1c picirq.o
 .eh_frame      0x0000000000000000       0x2c picirq.o
 .note.GNU-stack
                0x0000000000000000        0x0 pipe.o
 .note.gnu.property
                0x0000000000000000       0x1c pipe.o
 .eh_frame      0x0000000000000000       0xf8 pipe.o
 .note.GNU-stack
                0x0000000000000000        0x0 proc.o
 .note.gnu.property
                0x0000000000000000       0x1c proc.o
 .eh_frame      0x0000000000000000      0x308 proc.o
 .note.GNU-stack
                0x0000000000000000        0x0 sleeplock.o
 .note.gnu.property
                0x0000000000000000       0x1c sleeplock.o
 .eh_frame      0x0000000000000000       0xbc sleeplock.o
 .note.GNU-stack
                0x0000000000000000        0x0 spinlock.o
 .note.gnu.property
                0x0000000000000000       0x1c spinlock.o
 .eh_frame      0x0000000000000000      0x150 spinlock.o
 .note.GNU-stack
                0x0000000000000000        0x0 string.o
 .note.gnu.property
                0x0000000000000000       0x1c string.o
 .eh_frame      0x0000000000000000      0x174 string.o
 .note.GNU-stack
                0x0000000000000000        0x0 syscall.o
 .note.gnu.property
                0x0000000000000000       0x1c syscall.o
 .eh_frame      0x0000000000000000      0x118 syscall.o
 .note.GNU-stack
                0x0000000000000000        0x0 sysfile.o
 .note.gnu.property
                0x0000000000000000       0x1c sysfile.o
 .eh_frame      0x0000000000000000      0x2e8 sysfile.o
 .note.GNU-stack
                0x0000000000000000        0x0 sysproc.o
 .note.gnu.property
                0x0000000000000000       0x1c sysproc.o
 .eh_frame      0x0000000000000000      0x170 sysproc.o
 .note.GNU-stack
                0x0000000000000000        0x0 trap.o
 .note.gnu.property
                0x0000000000000000       0x1c trap.o
 .eh_frame      0x0000000000000000       0x98 trap.o
 .note.GNU-stack
                0x0000000000000000        0x0 uart.o
 .note.gnu.property
                0x0000000000000000       0x1c uart.o
 .eh_frame      0x0000000000000000       0xd0 uart.o
 .note.GNU-stack
                0x0000000000000000        0x0 vm.o
 .note.gnu.property
                0x0000000000000000       0x1c vm.o
 .eh_frame      0x0000000000000000      0x34c vm.o

Memory Configuration

Name             Origin             Length             Attributes
*default*        0x0000000000000000 0xffffffffffffffff

Linker script and memory map

                0x0000000080100000                . = 0x80100000

.text           0x0000000080100000     0x71ca load address 0x0000000000100000
 *(.text .stub .text.* .gnu.linkonce.t.*)
 .text          0x0000000080100000       0x34 entry.o
                0x0000000080100000                multiboot_header
                0x000000008010000c                entry
                0x000000010010000c                _start
 *fill*         0x0000000080100034        0xc 
 .text          0x0000000080100040      0x242 bio.o
                0x0000000080100040                binit
                0x00000000801000d0                bread
                0x00000000801001b0                bwrite
                0x00000000801001f0                brelse
 *fill*         0x0000000080100282        0xe 
 .text          0x0000000080100290      0x7e7 console.o
                0x0000000080100290                consoleread
                0x0000000080100390                panic
                0x0000000080100640                consolewrite
                0x00000000801006b0                cprintf
                0x0000000080100860                consoleintr
                0x0000000080100a30                consoleinit
 *fill*         0x0000000080100a77        0x9 
 .text          0x0000000080100a80      0x369 exec.o
                0x0000000080100a80                exec
 *fill*         0x0000000080100de9        0x7 
 .text          0x0000000080100df0      0x3c3 file.o
                0x0000000080100df0                fileinit
                0x0000000080100e10                filealloc
                0x0000000080100e80                filedup
                0x0000000080100ed0                fileclose
                0x0000000080100fb0                filestat
                0x0000000080101000                fileread
                0x00000000801010a0                filewrite
 *fill*         0x00000000801011b3        0xd 
 .text          0x00000000801011c0      0xeb8 fs.o
                0x0000000080101510                readsb
                0x0000000080101550                iinit
                0x00000000801015f0                ialloc
                0x00000000801016b0                iupdate
                0x0000000080101740                idup
                0x0000000080101770                ilock
                0x0000000080101850                iunlock
                0x00000000801018a0                iput
                0x0000000080101a10                iunlockput
                0x0000000080101a40                stati
                0x0000000080101a70                readi
                0x0000000080101b70                writei
                0x0000000080101ca0                namecmp
                0x0000000080101cc0                dirlookup
                0x0000000080101f80                dirlink
                0x0000000080102040                namei
                0x0000000080102060                nameiparent
 *fill*         0x0000000080102078        0x8 
 .text          0x0000000080102080      0x30e ide.o
                0x0000000080102160                ideinit
                0x00000000801021f0                ideintr
                0x0000000080102290                iderw
 *fill*         0x000000008010238e        0x2 
 .text          0x0000000080102390       0xe7 ioapic.o
                0x0000000080102390                ioapicinit
                0x0000000080102440                ioapicenable
 *fill*         0x0000000080102477        0x9 
 .text          0x0000000080102480      0x22e kalloc.o
                0x0000000080102480                kfree
                0x0000000080102520                freerange
                0x0000000080102570                kinit1
                0x00000000801025e0                kinit2
                0x0000000080102640                kalloc
 *fill*         0x00000000801026ae        0x2 
 .text          0x00000000801026b0       0xf9 kbd.o
                0x00000000801026b0                kbdgetc
                0x0000000080102790                kbdintr
 *fill*         0x00000000801027a9        0x7 
 .text          0x00000000801027b0      0x3e2 lapic.o
                0x00000000801027b0                lapicinit
                0x00000000801028b0                lapicid
                0x00000000801028d0                lapiceoi
                0x00000000801028f0                microdelay
                0x0000000080102900                lapicstartap
                0x00000000801029a0                cmostime
 *fill*         0x0000000080102b92        0xe 
 .text          0x0000000080102ba0      0x448 log.o
                0x0000000080102ca0                initlog
                0x0000000080102d40                begin_op
                0x0000000080102db0                end_op
                0x0000000080102f20                log_write
 *fill*         0x0000000080102fe8        0x8 
 .text          0x0000000080102ff0       0x5e main.o
 *fill*         0x000000008010304e        0x2 
 .text.startup  0x0000000080103050      0x12c main.o
                0x0000000080103050                main
 *fill*         0x000000008010317c        0x4 
 .text          0x0000000080103180      0x25a mp.o
                0x0000000080103200                mpinit
 *fill*         0x00000000801033da        0x6 
 .text          0x00000000801033e0       0x16 picirq.o
                0x00000000801033e0                picinit
 *fill*         0x00000000801033f6        0xa 
 .text          0x0000000080103400      0x39b pipe.o
                0x0000000080103400                pipealloc
                0x0000000080103510                pipeclose
                0x00000000801035b0                pipewrite
                0x00000000801036b0                piperead
 *fill*         0x000000008010379b        0x5 
 .text          0x00000000801037a0      0xb18 proc.o
                0x0000000080103870                forkret
                0x00000000801038c0                pinit
                0x00000000801038e0                mycpu
                0x0000000080103950                cpuid
                0x0000000080103970                myproc
                0x00000000801039a0                userinit
                0x0000000080103aa0                growproc
                0x0000000080103b20                fork
                0x0000000080103c50                scheduler
                0x0000000080103cf0                sched
                0x0000000080103db0                exit
                0x0000000080103ef0                yield
                0x0000000080103f40                sleep
                0x0000000080104000                wait
                0x0000000080104100                wakeup
                0x0000000080104160                kill
                0x00000000801041f0                procdump
 *fill*         0x00000000801042b8        0x8 
 .text          0x00000000801042c0      0x135 sleeplock.o
                0x00000000801042c0                initsleeplock
                0x0000000080104300                acquiresleep
                0x0000000080104360                releasesleep
                0x00000000801043a0                holdingsleep
 *fill*         0x00000000801043f5        0xb 
 .text          0x0000000080104400      0x28a spinlock.o
                0x0000000080104400                initlock
                0x0000000080104420                getcallerpcs
                0x0000000080104480                pushcli
                0x00000000801044d0                popcli
                0x0000000080104530                holding
                0x0000000080104580                acquire
                0x0000000080104640                release
 *fill*         0x000000008010468a        0x6 
 .text          0x0000000080104690      0x223 string.o
                0x0000000080104690                memset
                0x00000000801046e0                memcmp
                0x0000000080104730                memmove
                0x0000000080104790                memcpy
                0x00000000801047a0                strncmp
                0x00000000801047f0                strncpy
                0x0000000080104850                safestrcpy
                0x0000000080104890                strlen
 .text          0x00000000801048b3       0x15 swtch.o
                0x00000000801048b3                swtch
 *fill*         0x00000000801048c8        0x8 
 .text          0x00000000801048d0      0x1f4 syscall.o
                0x00000000801048d0                fetchint
                0x0000000080104920                fetchstr
                0x0000000080104980                argint
                0x00000000801049b0                argptr
                0x0000000080104a20                argstr
                0x0000000080104a60                syscall
 *fill*         0x0000000080104ac4        0xc 
 .text          0x0000000080104ad0      0xbe9 sysfile.o
                0x0000000080104cc0                sys_dup
                0x0000000080104d30                sys_read
                0x0000000080104da0                sys_write
                0x0000000080104e10                sys_close
                0x0000000080104e60                sys_fstat
                0x0000000080104eb0                sys_link
                0x0000000080105000                sys_unlink
                0x00000000801051e0                sys_open
                0x0000000080105320                sys_mkdir
                0x0000000080105390                sys_mknod
                0x0000000080105430                sys_chdir
                0x00000000801054e0                sys_exec
                0x00000000801055e0                sys_pipe
 *fill*         0x00000000801056b9        0x7 
 .text          0x00000000801056c0      0x28e sysproc.o
                0x00000000801056c0                sys_mprotect
                0x0000000080105760                sys_hello
                0x0000000080105780                sys_fork
                0x0000000080105790                sys_exit
                0x00000000801057b0                sys_wait
                0x00000000801057c0                sys_kill
                0x0000000080105800                sys_getpid
                0x0000000080105820                sys_sbrk
                0x0000000080105870                sys_sleep
                0x0000000080105920                sys_uptime
 .text          0x000000008010594e       0x23 trapasm.o
                0x000000008010594e                alltraps
                0x0000000080105966                trapret
 *fill*         0x0000000080105971        0xf 
 .text          0x0000000080105980      0x2ff trap.o
                0x0000000080105980                tvinit
                0x0000000080105a00                idtinit
                0x0000000080105a30                trap
 *fill*         0x0000000080105c7f        0x1 
 .text          0x0000000080105c80      0x189 uart.o
                0x0000000080105d00                uartinit
                0x0000000080105dc0                uartputc
                0x0000000080105df0                uartintr
 .text          0x0000000080105e09      0xa72 vectors.o
                0x0000000080105e09                vector0
                0x0000000080105e12                vector1
                0x0000000080105e1b                vector2
                0x0000000080105e24                vector3
                0x0000000080105e2d                vector4
                0x0000000080105e36                vector5
                0x0000000080105e3f                vector6
                0x0000000080105e48                vector7
                0x0000000080105e51                vector8
                0x0000000080105e58                vector9
                0x0000000080105e61                vector10
                0x0000000080105e68                vector11
                0x0000000080105e6f                vector12
                0x0000000080105e76                vector13
                0x0000000080105e7d                vector14
                0x0000000080105e84                vector15
                0x0000000080105e8d                vector16
                0x0000000080105e96                vector17
                0x0000000080105e9d                vector18
                0x0000000080105ea6                vector19
                0x0000000080105eaf                vector20
                0x0000000080105eb8                vector21
                0x0000000080105ec1                vector22
                0x0000000080105eca                vector23
                0x0000000080105ed3                vector24
                0x0000000080105edc                vector25
                0x0000000080105ee5                vector26
                0x0000000080105eee                vector27
                0x0000000080105ef7                vector28
                0x0000000080105f00                vector29
                0x0000000080105f09                vector30
                0x0000000080105f12                vector31
                0x0000000080105f1b                vector32
                0x0000000080105f24                vector33
                0x0000000080105f2d                vector34
                0x0000000080105f36                vector35
                0x0000000080105f3f                vector36
                0x0000000080105f48                vector37
                0x0000000080105f51                vector38
                0x0000000080105f5a                vector39
                0x0000000080105f63                vector40
                0x0000000080105f6c                vector41
                0x0000000080105f75                vector42
                0x0000000080105f7e                vector43
                0x0000000080105f87                vector44
                0x0000000080105f90                vector45
                0x0000000080105f99                vector46
                0x0000000080105fa2                vector47
                0x0000000080105fab                vector48
                0x0000000080105fb4                vector49
                0x0000000080105fbd                vector50
                0x0000000080105fc6                vector51
                0x0000000080105fcf                vector52
                0x0000000080105fd8                vector53
                0x0000000080105fe1                vector54
                0x0000000080105fea                vector55
                0x0000000080105ff3                vector56
                0x0000000080105ffc                vector57
                0x0000000080106005                vector58
                0x000000008010600e                vector59
                0x0000000080106017                vector60
                0x0000000080106020                vector61
                0x0000000080106029                vector62
                0x0000000080106032                vector63
                0x000000008010603b                vector64
                0x0000000080106044                vector65
                0x000000008010604d                vector66
                0x0000000080106056                vector67
                0x000000008010605f                vector68
                0x0000000080106068                vector69
                0x0000000080106071                vector70
                0x000000008010607a                vector71
                0x0000000080106083                vector72
                0x000000008010608c                vector73
                0x0000000080106095                vector74
                0x000000008010609e                vector75
                0x00000000801060a7                vector76
                0x00000000801060b0                vector77
                0x00000000801060b9                vector78
                0x00000000801060c2                vector79
                0x00000000801060cb                vector80
                0x00000000801060d4                vector81
                0x00000000801060dd                vector82
                0x00000000801060e6                vector83
                0x00000000801060ef                vector84
                0x00000000801060f8                vector85
                0x0000000080106101                vector86
                0x000000008010610a                vector87
                0x0000000080106113                vector88
                0x000000008010611c                vector89
                0x0000000080106125                vector90
                0x000000008010612e                vector91
                0x0000000080106137                vector92
                0x0000000080106140                vector93
                0x0000000080106149                vector94
                0x0000000080106152                vector95
                0x000000008010615b                vector96
                0x0000000080106164                vector97
                0x000000008010616d                vector98
                0x0000000080106176                vector99
                0x000000008010617f                vector100
                0x0000000080106188                vector101
                0x0000000080106191                vector102
                0x000000008010619a                vector103
                0x00000000801061a3                vector104
                0x00000000801061ac                vector105
                0x00000000801061b5                vector106
                0x00000000801061be                vector107
                0x00000000801061c7                vector108
                0x00000000801061d0                vector109
                0x00000000801061d9                vector110
                0x00000000801061e2                vector111
                0x00000000801061eb                vector112
                0x00000000801061f4                vector113
                0x00000000801061fd                vector114
                0x0000000080106206                vector115
                0x000000008010620f                vector116
                0x0000000080106218                vector117
                0x0000000080106221                vector118
                0x000000008010622a                vector119
                0x0000000080106233                vector120
                0x000000008010623c                vector121
                0x0000000080106245                vector122
                0x000000008010624e                vector123
                0x0000000080106257                vector124
                0x0000000080106260                vector125
                0x0000000080106269                vector126
                0x0000000080106272                vector127
                0x000000008010627b                vector128
                0x0000000080106287                vector129
                0x0000000080106293                vector130
                0x000000008010629f                vector131
                0x00000000801062ab                vector132
                0x00000000801062b7                vector133
                0x00000000801062c3                vector134
                0x00000000801062cf                vector135
                0x00000000801062db                vector136
                0x00000000801062e7                vector137
                0x00000000801062f3                vector138
                0x00000000801062ff                vector139
                0x000000008010630b                vector140
                0x0000000080106317                vector141
                0x0000000080106323                vector142
                0x000000008010632f                vector143
                0x000000008010633b                vector144
                0x0000000080106347                vector145
                0x0000000080106353                vector146
                0x000000008010635f                vector147
                0x000000008010636b                vector148
                0x0000000080106377                vector149
                0x0000000080106383                vector150
                0x000000008010638f                vector151
                0x000000008010639b                vector152
                0x00000000801063a7                vector153
                0x00000000801063b3                vector154
                0x00000000801063bf                vector155
                0x00000000801063cb                vector156
                0x00000000801063d7                vector157
                0x00000000801063e3                vector158
                0x00000000801063ef                vector159
                0x00000000801063fb                vector160
                0x0000000080106407                vector161
                0x0000000080106413                vector162
                0x000000008010641f                vector163
                0x000000008010642b                vector164
                0x0000000080106437                vector165
                0x0000000080106443                vector166
                0x000000008010644f                vector167
                0x000000008010645b                vector168
                0x0000000080106467                vector169
                0x0000000080106473                vector170
                0x000000008010647f                vector171
                0x000000008010648b                vector172
                0x0000000080106497                vector173
                0x00000000801064a3                vector174
                0x00000000801064af                vector175
                0x00000000801064bb                vector176
                0x00000000801064c7                vector177
                0x00000000801064d3                vector178
                0x00000000801064df                vector179
                0x00000000801064eb                vector180
                0x00000000801064f7                vector181
                0x0000000080106503                vector182
                0x000000008010650f                vector183
                0x000000008010651b                vector184
                0x0000000080106527                vector185
                0x0000000080106533                vector186
                0x000000008010653f                vector187
                0x000000008010654b                vector188
                0x0000000080106557                vector189
                0x0000000080106563                vector190
                0x000000008010656f                vector191
                0x000000008010657b                vector192
                0x0000000080106587                vector193
                0x0000000080106593                vector194
                0x000000008010659f                vector195
                0x00000000801065ab                vector196
                0x00000000801065b7                vector197
                0x00000000801065c3                vector198
                0x00000000801065cf                vector199
                0x00000000801065db                vector200
                0x00000000801065e7                vector201
                0x00000000801065f3                vector202
                0x00000000801065ff                vector203
                0x000000008010660b                vector204
                0x0000000080106617                vector205
                0x0000000080106623                vector206
                0x000000008010662f                vector207
                0x000000008010663b                vector208
                0x0000000080106647                vector209
                0x0000000080106653                vector210
                0x000000008010665f                vector211
                0x000000008010666b                vector212
                0x0000000080106677                vector213
                0x0000000080106683                vector214
                0x000000008010668f                vector215
                0x000000008010669b                vector216
                0x00000000801066a7                vector217
                0x00000000801066b3                vector218
                0x00000000801066bf                vector219
                0x00000000801066cb                vector220
                0x00000000801066d7                vector221
                0x00000000801066e3                vector222
                0x00000000801066ef                vector223
                0x00000000801066fb                vector224
                0x0000000080106707                vector225
                0x0000000080106713                vector226
                0x000000008010671f                vector227
                0x000000008010672b                vector228
                0x0000000080106737                vector229
                0x0000000080106743                vector230
                0x000000008010674f                vector231
                0x000000008010675b                vector232
                0x0000000080106767                vector233
                0x0000000080106773                vector234
                0x000000008010677f                vector235
                0x000000008010678b                vector236
                0x0000000080106797                vector237
                0x00000000801067a3                vector238
                0x00000000801067af                vector239
                0x00000000801067bb                vector240
                0x00000000801067c7                vector241
                0x00000000801067d3                vector242
                0x00000000801067df                vector243
                0x00000000801067eb                vector244
                0x00000000801067f7                vector245
                0x0000000080106803                vector246
                0x000000008010680f                vector247
                0x000000008010681b                vector248
                0x0000000080106827                vector249
                0x0000000080106833                vector250
                0x000000008010683f                vector251
                0x000000008010684b                vector252
                0x0000000080106857                vector253
                0x0000000080106863                vector254
                0x000000008010686f                vector255
 *fill*         0x000000008010687b        0x5 
 .text          0x0000000080106880      0x94a vm.o
                0x0000000080106a40                seginit
                0x0000000080106ad0                switchkvm
                0x0000000080106af0                switchuvm
                0x0000000080106c00                inituvm
                0x0000000080106c80                loaduvm
                0x0000000080106d50                allocuvm
                0x0000000080106e80                deallocuvm
                0x0000000080106eb0                freevm
                0x0000000080106f30                setupkvm
                0x0000000080106fb0                kvmalloc
                0x0000000080106fd0                clearpteu
                0x0000000080107000                copyuvm
                0x0000000080107100                uva2ka
                0x0000000080107140                copyout
                [!provide]                        PROVIDE (etext = .)

.iplt           0x00000000801071ca        0x0 load address 0x00000000001071ca
 .iplt          0x00000000801071ca        0x0 entry.o

.rodata         0x00000000801071e0      0x9eb load address 0x00000000001071e0
 *(.rodata .rodata.* .gnu.linkonce.r.*)
 .rodata.str1.1
                0x00000000801071e0       0x2d bio.o
 .rodata.str1.1
                0x000000008010720d       0x43 console.o
                                         0x45 (size before relaxing)
 .rodata        0x0000000080107250       0x11 console.o
 .rodata.str1.1
                0x0000000080107261        0xc exec.o
 .rodata.str1.1
                0x000000008010726d       0x32 file.o
                                         0x3c (size before relaxing)
 .rodata.str1.1
                0x000000008010729f       0xb6 fs.o
                                         0xbe (size before relaxing)
 *fill*         0x0000000080107355        0x3 
 .rodata.str1.4
                0x0000000080107358       0x53 fs.o
 .rodata.str1.1
                0x00000000801073ab       0x68 ide.o
 *fill*         0x0000000080107413        0x1 
 .rodata.str1.4
                0x0000000080107414       0x32 ioapic.o
 .rodata.str1.1
                0x0000000080107446        0xb kalloc.o
 *fill*         0x0000000080107451        0xf 
 .rodata        0x0000000080107460      0x220 kbd.o
 .rodata.str1.1
                0x0000000080107680       0x44 log.o
 .rodata.str1.1
                0x00000000801076c4       0x14 main.o
 .rodata.str1.1
                0x00000000801076d8       0x22 mp.o
 *fill*         0x00000000801076fa        0x2 
 .rodata.str1.4
                0x00000000801076fc       0x1f mp.o
 .rodata.str1.1
                0x000000008010771b        0x5 pipe.o
 .rodata.str1.1
                0x0000000080107720       0xe2 proc.o
                                         0xe8 (size before relaxing)
 *fill*         0x0000000080107802        0x2 
 .rodata.str1.4
                0x0000000080107804       0x26 proc.o
 *fill*         0x000000008010782a        0x2 
 .rodata        0x000000008010782c       0x18 proc.o
 .rodata.str1.1
                0x0000000080107844        0xb sleeplock.o
 .rodata.str1.1
                0x000000008010784f       0x2e spinlock.o
 .rodata.str1.1
                0x000000008010787d       0x1c syscall.o
 *fill*         0x0000000080107899        0x7 
 .rodata        0x00000000801078a0       0x60 syscall.o
 .rodata.str1.1
                0x0000000080107900       0x61 sysfile.o
                                         0x63 (size before relaxing)
 .rodata.str1.1
                0x0000000080107961       0x18 sysproc.o
 .rodata.str1.1
                0x0000000080107979        0xa trap.o
 *fill*         0x0000000080107983        0x1 
 .rodata.str1.4
                0x0000000080107984       0x9b trap.o
 *fill*         0x0000000080107a1f        0x1 
 .rodata        0x0000000080107a20       0x80 trap.o
 .rodata.str1.1
                0x0000000080107aa0        0x8 uart.o
 .rodata.str1.1
                0x0000000080107aa8      0x100 vm.o
                                        0x106 (size before relaxing)
 .rodata.str1.4
                0x0000000080107ba8       0x23 vm.o

.rel.dyn        0x0000000080107bcc        0x0 load address 0x0000000000107bcc
 .rel.got       0x0000000080107bcc        0x0 entry.o
 .rel.iplt      0x0000000080107bcc        0x0 entry.o
 .rel.text      0x0000000080107bcc        0x0 entry.o
 .rel.text.startup
                0x0000000080107bcc        0x0 entry.o
 .rel.data      0x0000000080107bcc        0x0 entry.o

.stab           0x0000000080107bcb        0x0
                [!provide]                        PROVIDE (__STAB_BEGIN__ = .)
 *(.stab)
                [!provide]                        PROVIDE (__STAB_END__ = .)

.stabstr        0x0000000080107bcb        0x0
                [!provide]                        PROVIDE (__STABSTR_BEGIN__ = .)
 *(.stabstr)
                [!provide]                        PROVIDE (__STABSTR_END__ = .)
                0x0000000080108000                . = ALIGN (0x1000)
                0x0000000080108000                PROVIDE (data = .)

.data           0x0000000080108000     0x251a load address 0x0000000000108000
 *(.data)
 .data          0x0000000080108000        0x0 entry.o
 .data          0x0000000080108000        0x0 bio.o
 .data          0x0000000080108000        0x0 console.o
 .data          0x0000000080108000        0x0 exec.o
 .data          0x0000000080108000        0x0 file.o
 .data          0x0000000080108000        0x0 fs.o
 .data          0x0000000080108000        0x0 ide.o
 .data          0x0000000080108000        0x0 ioapic.o
 .data          0x0000000080108000        0x0 kalloc.o
 .data          0x0000000080108000      0x300 kbd.o
 .data          0x0000000080108300        0x0 lapic.o
 .data          0x0000000080108300        0x0 log.o
 *fill*         0x0000000080108300      0xd00 
 .data          0x0000000080109000     0x1000 main.o
                0x0000000080109000                entrypgdir
 .data          0x000000008010a000        0x0 mp.o
 .data          0x000000008010a000        0x0 picirq.o
 .data          0x000000008010a000        0x0 pipe.o
 .data          0x000000008010a000        0x8 proc.o
                0x000000008010a004                nextpid
 .data          0x000000008010a008        0x0 sleeplock.o
 .data          0x000000008010a008        0x0 spinlock.o
 .data          0x000000008010a008        0x0 string.o
 .data          0x000000008010a008        0x0 swtch.o
 .data          0x000000008010a008        0x0 syscall.o
 .data          0x000000008010a008        0x0 sysfile.o
 .data          0x000000008010a008        0x0 sysproc.o
 .data          0x000000008010a008        0x0 trapasm.o
 .data          0x000000008010a008        0x0 trap.o
 .data          0x000000008010a008        0x0 uart.o
 .data          0x000000008010a008      0x400 vectors.o
                0x000000008010a008                vectors
 *fill*         0x000000008010a408       0x18 
 .data          0x000000008010a420       0x40 vm.o
 .data          0x000000008010a460       0x30 initcode
                0x000000008010a460                _binary_initcode_start
                0x000000008010a490                _binary_initcode_end
 .data          0x000000008010a490       0x8a entryother
                0x000000008010a490                _binary_entryother_start
                0x000000008010a51a                _binary_entryother_end
                [!provide]                        PROVIDE (edata = .)

.got            0x000000008010a51c        0x0 load address 0x000000000010a51c
 .got           0x000000008010a51c        0x0 entry.o

.got.plt        0x000000008010a51c        0x0 load address 0x000000000010a51c
 .got.plt       0x000000008010a51c        0x0 entry.o

.igot.plt       0x000000008010a51c        0x0 load address 0x000000000010a51c
 .igot.plt      0x000000008010a51c        0x0 entry.o

.bss            0x000000008010a520     0xb088 load address 0x000000000010a520
 *(.bss)
 .bss           0x000000008010a520        0x0 entry.o
 .bss           0x000000008010a520        0x0 bio.o
 .bss           0x000000008010a520       0x3c console.o
 .bss           0x000000008010a55c        0x0 exec.o
 .bss           0x000000008010a55c        0x0 file.o
 .bss           0x000000008010a55c        0x0 fs.o
 *fill*         0x000000008010a55c        0x4 
 .bss           0x000000008010a560       0x54 ide.o
 .bss           0x000000008010a5b4        0x0 ioapic.o
 .bss           0x000000008010a5b4        0x0 kalloc.o
 .bss           0x000000008010a5b4        0x4 kbd.o
 .bss           0x000000008010a5b8        0x0 lapic.o
 .bss           0x000000008010a5b8        0x0 log.o
 .bss           0x000000008010a5b8        0x0 main.o
 .bss           0x000000008010a5b8        0x0 mp.o
 .bss           0x000000008010a5b8        0x0 picirq.o
 .bss           0x000000008010a5b8        0x0 pipe.o
 .bss           0x000000008010a5b8        0x4 proc.o
 .bss           0x000000008010a5bc        0x0 sleeplock.o
 .bss           0x000000008010a5bc        0x0 spinlock.o
 .bss           0x000000008010a5bc        0x0 string.o
 .bss           0x000000008010a5bc        0x0 swtch.o
 .bss           0x000000008010a5bc        0x0 syscall.o
 .bss           0x000000008010a5bc        0x0 sysfile.o
 .bss           0x000000008010a5bc        0x0 sysproc.o
 .bss           0x000000008010a5bc        0x0 trapasm.o
 .bss           0x000000008010a5bc        0x0 trap.o
 .bss           0x000000008010a5bc        0x4 uart.o
 .bss           0x000000008010a5c0        0x0 vectors.o
 .bss           0x000000008010a5c0        0x0 vm.o
 COMMON         0x000000008010a5c0     0x1000 entry.o
                0x000000008010a5c0                stack
 COMMON         0x000000008010b5c0     0x4958 bio.o
                0x000000008010b5c0                bcache
 *fill*         0x000000008010ff18        0x8 
 COMMON         0x000000008010ff20       0x8c console.o
                0x000000008010ff20                input
 *fill*         0x000000008010ffac       0x14 
 COMMON         0x000000008010ffc0      0x9f0 file.o
                0x000000008010ffc0                ftable
                0x0000000080110960                devsw
 *fill*         0x00000000801109b0       0x10 
 COMMON         0x00000000801109c0     0x1c74 fs.o
                0x00000000801109c0                sb
                0x00000000801109e0                icache
 COMMON         0x0000000080112634        0x4 ioapic.o
                0x0000000080112634                ioapic
 *fill*         0x0000000080112638        0x8 
 COMMON         0x0000000080112640       0x3c kalloc.o
                0x0000000080112640                kmem
 COMMON         0x000000008011267c        0x4 lapic.o
                0x000000008011267c                lapic
 COMMON         0x0000000080112680       0xc4 log.o
                0x0000000080112680                log
 *fill*         0x0000000080112744       0x1c 
 COMMON         0x0000000080112760      0x5a4 mp.o
                0x0000000080112760                ioapicid
                0x0000000080112780                cpus
                0x0000000080112d00                ncpu
 *fill*         0x0000000080112d04       0x1c 
 COMMON         0x0000000080112d20     0x2034 proc.o
                0x0000000080112d20                ptable
 *fill*         0x0000000080114d54        0xc 
 COMMON         0x0000000080114d60      0x844 trap.o
                0x0000000080114d60                tickslock
                0x0000000080114da0                idt
                0x00000000801155a0                ticks
 COMMON         0x00000000801155a4        0x4 vm.o
                0x00000000801155a4                kpgdir
                0x00000000801155a8                PROVIDE (end = .)

/DISCARD/
 *(.eh_frame .note.GNU-stack)
LOAD entry.o
LOAD bio.o
LOAD console.o
LOAD exec.o
LOAD file.o
LOAD fs.o
LOAD ide.o
LOAD ioapic.o
LOAD kalloc.o
LOAD kbd.o
LOAD lapic.o
LOAD log.o
LOAD main.o
LOAD mp.o
LOAD picirq.o
LOAD pipe.o
LOAD proc.o
LOAD sleeplock.o
LOAD spinlock.o
LOAD string.o
LOAD swtch.o
LOAD syscall.o
LOAD sysfile.o
LOAD sysproc.o
LOAD trapasm.o
LOAD trap.o
LOAD uart.o
LOAD vectors.o
LOAD vm.o
TARGET(binary)
LOAD initcode
LOAD entryother
OUTPUT(kernel elf32-i386)

.debug_line     0x0000000000000000     0x6d4e
 .debug_line    0x0000000000000000       0x41 entry.o
 .debug_line    0x0000000000000041      0x286 bio.o
 .debug_line    0x00000000000002c7      0x8fd console.o
 .debug_line    0x0000000000000bc4      0x2e9 exec.o
 .debug_line    0x0000000000000ead      0x2e9 file.o
 .debug_line    0x0000000000001196      0xc4a fs.o
 .debug_line    0x0000000000001de0      0x435 ide.o
 .debug_line    0x0000000000002215      0x1d6 ioapic.o
 .debug_line    0x00000000000023eb      0x232 kalloc.o
 .debug_line    0x000000000000261d      0x18c kbd.o
 .debug_line    0x00000000000027a9      0x8ac lapic.o
 .debug_line    0x0000000000003055      0x415 log.o
 .debug_line    0x000000000000346a      0x152 main.o
 .debug_line    0x00000000000035bc      0x2c8 mp.o
 .debug_line    0x0000000000003884       0x72 picirq.o
 .debug_line    0x00000000000038f6      0x36d pipe.o
 .debug_line    0x0000000000003c63      0xae7 proc.o
 .debug_line    0x000000000000474a      0x164 sleeplock.o
 .debug_line    0x00000000000048ae      0x387 spinlock.o
 .debug_line    0x0000000000004c35      0x2cc string.o
 .debug_line    0x0000000000004f01       0x43 swtch.o
 .debug_line    0x0000000000004f44      0x249 syscall.o
 .debug_line    0x000000000000518d      0x8f2 sysfile.o
 .debug_line    0x0000000000005a7f      0x226 sysproc.o
 .debug_line    0x0000000000005ca5       0x48 trapasm.o
 .debug_line    0x0000000000005ced      0x2c3 trap.o
 .debug_line    0x0000000000005fb0      0x290 uart.o
 .debug_line    0x0000000000006240      0x32f vectors.o
 .debug_line    0x000000000000656f      0x7df vm.o

.debug_info     0x0000000000000000    0x12445
 .debug_info    0x0000000000000000       0x26 entry.o
 .debug_info    0x0000000000000026      0x473 bio.o
 .debug_info    0x0000000000000499     0x1488 console.o
 .debug_info    0x0000000000001921      0xb9f exec.o
 .debug_info    0x00000000000024c0      0x714 file.o
 .debug_info    0x0000000000002bd4     0x1bbf fs.o
 .debug_info    0x0000000000004793      0xf1d ide.o
 .debug_info    0x00000000000056b0      0x2e4 ioapic.o
 .debug_info    0x0000000000005994      0x3d3 kalloc.o
 .debug_info    0x0000000000005d67      0x266 kbd.o
 .debug_info    0x0000000000005fcd      0xf2b lapic.o
 .debug_info    0x0000000000006ef8      0x773 log.o
 .debug_info    0x000000000000766b      0xb04 main.o
 .debug_info    0x000000000000816f      0xda1 mp.o
 .debug_info    0x0000000000008f10       0xf0 picirq.o
 .debug_info    0x0000000000009000      0xb0f pipe.o
 .debug_info    0x0000000000009b0f     0x153a proc.o
 .debug_info    0x000000000000b049      0x92a sleeplock.o
 .debug_info    0x000000000000b973      0xb51 spinlock.o
 .debug_info    0x000000000000c4c4      0x45b string.o
 .debug_info    0x000000000000c91f       0x26 swtch.o
 .debug_info    0x000000000000c945      0x9b4 syscall.o
 .debug_info    0x000000000000d2f9     0x1698 sysfile.o
 .debug_info    0x000000000000e991      0xb1a sysproc.o
 .debug_info    0x000000000000f4ab       0x26 trapasm.o
 .debug_info    0x000000000000f4d1      0xbe2 trap.o
 .debug_info    0x00000000000100b3      0xdce uart.o
 .debug_info    0x0000000000010e81       0x26 vectors.o
 .debug_info    0x0000000000010ea7     0x159e vm.o

.debug_abbrev   0x0000000000000000     0x402a
 .debug_abbrev  0x0000000000000000       0x14 entry.o
 .debug_abbrev  0x0000000000000014      0x21e bio.o
 .debug_abbrev  0x0000000000000232      0x485 console.o
 .debug_abbrev  0x00000000000006b7      0x1b2 exec.o
 .debug_abbrev  0x0000000000000869      0x1e8 file.o
 .debug_abbrev  0x0000000000000a51      0x570 fs.o
 .debug_abbrev  0x0000000000000fc1      0x2d5 ide.o
 .debug_abbrev  0x0000000000001296      0x1dc ioapic.o
 .debug_abbrev  0x0000000000001472      0x232 kalloc.o
 .debug_abbrev  0x00000000000016a4      0x186 kbd.o
 .debug_abbrev  0x000000000000182a      0x282 lapic.o
 .debug_abbrev  0x0000000000001aac      0x243 log.o
 .debug_abbrev  0x0000000000001cef      0x24a main.o
 .debug_abbrev  0x0000000000001f39      0x2bc mp.o
 .debug_abbrev  0x00000000000021f5       0xa4 picirq.o
 .debug_abbrev  0x0000000000002299      0x222 pipe.o
 .debug_abbrev  0x00000000000024bb      0x43d proc.o
 .debug_abbrev  0x00000000000028f8      0x1be sleeplock.o
 .debug_abbrev  0x0000000000002ab6      0x2da spinlock.o
 .debug_abbrev  0x0000000000002d90      0x140 string.o
 .debug_abbrev  0x0000000000002ed0       0x14 swtch.o
 .debug_abbrev  0x0000000000002ee4      0x1fd syscall.o
 .debug_abbrev  0x00000000000030e1      0x344 sysfile.o
 .debug_abbrev  0x0000000000003425      0x249 sysproc.o
 .debug_abbrev  0x000000000000366e       0x14 trapasm.o
 .debug_abbrev  0x0000000000003682      0x24b trap.o
 .debug_abbrev  0x00000000000038cd      0x2c2 uart.o
 .debug_abbrev  0x0000000000003b8f       0x14 vectors.o
 .debug_abbrev  0x0000000000003ba3      0x487 vm.o

.debug_aranges  0x0000000000000000      0x3a8
 .debug_aranges
                0x0000000000000000       0x20 entry.o
 .debug_aranges
                0x0000000000000020       0x20 bio.o
 .debug_aranges
                0x0000000000000040       0x20 console.o
 .debug_aranges
                0x0000000000000060       0x20 exec.o
 .debug_aranges
                0x0000000000000080       0x20 file.o
 .debug_aranges
                0x00000000000000a0       0x20 fs.o
 .debug_aranges
                0x00000000000000c0       0x20 ide.o
 .debug_aranges
                0x00000000000000e0       0x20 ioapic.o
 .debug_aranges
                0x0000000000000100       0x20 kalloc.o
 .debug_aranges
                0x0000000000000120       0x20 kbd.o
 .debug_aranges
                0x0000000000000140       0x20 lapic.o
 .debug_aranges
                0x0000000000000160       0x20 log.o
 .debug_aranges
                0x0000000000000180       0x28 main.o
 .debug_aranges
                0x00000000000001a8       0x20 mp.o
 .debug_aranges
                0x00000000000001c8       0x20 picirq.o
 .debug_aranges
                0x00000000000001e8       0x20 pipe.o
 .debug_aranges
                0x0000000000000208       0x20 proc.o
 .debug_aranges
                0x0000000000000228       0x20 sleeplock.o
 .debug_aranges
                0x0000000000000248       0x20 spinlock.o
 .debug_aranges
                0x0000000000000268       0x20 string.o
 .debug_aranges
                0x0000000000000288       0x20 swtch.o
 .debug_aranges
                0x00000000000002a8       0x20 syscall.o
 .debug_aranges
                0x00000000000002c8       0x20 sysfile.o
 .debug_aranges
                0x00000000000002e8       0x20 sysproc.o
 .debug_aranges
                0x0000000000000308       0x20 trapasm.o
 .debug_aranges
                0x0000000000000328       0x20 trap.o
 .debug_aranges
                0x0000000000000348       0x20 uart.o
 .debug_aranges
                0x0000000000000368       0x20 vectors.o
 .debug_aranges
                0x0000000000000388       0x20 vm.o

.debug_str      0x0000000000000000      0xed6
 .debug_str     0x0000000000000000       0x37 entry.o
 .debug_str     0x0000000000000037      0x1e4 bio.o
                                        0x23e (size before relaxing)
 .debug_str     0x000000000000021b      0x2b3 console.o
                                        0x4d1 (size before relaxing)
 .debug_str     0x00000000000004ce      0x121 exec.o
                                        0x45e (size before relaxing)
 .debug_str     0x00000000000005ef       0x77 file.o
                                        0x2cd (size before relaxing)
 .debug_str     0x0000000000000666       0xf1 fs.o
                                        0x572 (size before relaxing)
 .debug_str     0x0000000000000757       0x81 ide.o
                                        0x435 (size before relaxing)
 .debug_str     0x00000000000007d8       0x3a ioapic.o
                                        0x1ba (size before relaxing)
 .debug_str     0x0000000000000812       0x51 kalloc.o
                                        0x1f1 (size before relaxing)
 .debug_str     0x0000000000000863       0x54 kbd.o
                                        0x1d0 (size before relaxing)
 .debug_str     0x00000000000008b7       0x8b lapic.o
                                        0x21c (size before relaxing)
 .debug_str     0x0000000000000942       0x8b log.o
                                        0x2fd (size before relaxing)
 .debug_str     0x00000000000009cd       0xc0 main.o
                                        0x463 (size before relaxing)
 .debug_str     0x0000000000000a8d       0xa8 mp.o
                                        0x40f (size before relaxing)
 .debug_str     0x0000000000000b35        0x9 picirq.o
                                        0x154 (size before relaxing)
 .debug_str     0x0000000000000b3e       0x31 pipe.o
                                        0x432 (size before relaxing)
 .debug_str     0x0000000000000b6f       0xd3 proc.o
                                        0x511 (size before relaxing)
 .debug_str     0x0000000000000c42        0xc sleeplock.o
                                        0x38e (size before relaxing)
 .debug_str     0x0000000000000c4e        0xb spinlock.o
                                        0x392 (size before relaxing)
 .debug_str     0x0000000000000c59       0x1c string.o
                                        0x195 (size before relaxing)
 .debug_str     0x0000000000000c75        0x8 swtch.o
                                         0x37 (size before relaxing)
 .debug_str     0x0000000000000c7d       0x42 syscall.o
                                        0x372 (size before relaxing)
 .debug_str     0x0000000000000cbf       0xb7 sysfile.o
                                        0x559 (size before relaxing)
 .debug_str     0x0000000000000d76       0x92 sysproc.o
                                        0x3fd (size before relaxing)
 .debug_str     0x0000000000000e08        0xa trapasm.o
                                         0x39 (size before relaxing)
 .debug_str     0x0000000000000e12       0x48 trap.o
                                        0x3d9 (size before relaxing)
 .debug_str     0x0000000000000e5a       0x15 uart.o
                                        0x3fb (size before relaxing)
 .debug_str     0x0000000000000e6f        0xa vectors.o
                                         0x39 (size before relaxing)
 .debug_str     0x0000000000000e79       0x5d vm.o
                                        0x46c (size before relaxing)

.debug_loc      0x0000000000000000     0x6992
 .debug_loc     0x0000000000000000      0x126 bio.o
 .debug_loc     0x0000000000000126      0xaf9 console.o
 .debug_loc     0x0000000000000c1f      0x338 exec.o
 .debug_loc     0x0000000000000f57      0x2d0 file.o
 .debug_loc     0x0000000000001227      0xf52 fs.o
 .debug_loc     0x0000000000002179      0x4f6 ide.o
 .debug_loc     0x000000000000266f      0x15d ioapic.o
 .debug_loc     0x00000000000027cc      0x21d kalloc.o
 .debug_loc     0x00000000000029e9       0xc8 kbd.o
 .debug_loc     0x0000000000002ab1      0xac0 lapic.o
 .debug_loc     0x0000000000003571      0x257 log.o
 .debug_loc     0x00000000000037c8       0x90 main.o
 .debug_loc     0x0000000000003858      0x4ab mp.o
 .debug_loc     0x0000000000003d03       0x5c picirq.o
 .debug_loc     0x0000000000003d5f       0xb5 pipe.o
 .debug_loc     0x0000000000003e14      0x73d proc.o
 .debug_loc     0x0000000000004551       0x4e sleeplock.o
 .debug_loc     0x000000000000459f      0x237 spinlock.o
 .debug_loc     0x00000000000047d6      0x6b5 string.o
 .debug_loc     0x0000000000004e8b      0x145 syscall.o
 .debug_loc     0x0000000000004fd0      0x736 sysfile.o
 .debug_loc     0x0000000000005706      0x19c sysproc.o
 .debug_loc     0x00000000000058a2       0x7f trap.o
 .debug_loc     0x0000000000005921      0x344 uart.o
 .debug_loc     0x0000000000005c65      0xd2d vm.o

.debug_ranges   0x0000000000000000      0xd18
 .debug_ranges  0x0000000000000000       0x18 bio.o
 .debug_ranges  0x0000000000000018      0x100 console.o
 .debug_ranges  0x0000000000000118       0x18 file.o
 .debug_ranges  0x0000000000000130       0xc8 fs.o
 .debug_ranges  0x00000000000001f8       0xe8 ide.o
 .debug_ranges  0x00000000000002e0       0x88 ioapic.o
 .debug_ranges  0x0000000000000368       0x38 kalloc.o
 .debug_ranges  0x00000000000003a0       0x20 kbd.o
 .debug_ranges  0x00000000000003c0      0x550 lapic.o
 .debug_ranges  0x0000000000000910       0x78 log.o
 .debug_ranges  0x0000000000000988       0x18 main.o
 .debug_ranges  0x00000000000009a0       0x58 mp.o
 .debug_ranges  0x00000000000009f8       0xf0 proc.o
 .debug_ranges  0x0000000000000ae8       0x60 spinlock.o
 .debug_ranges  0x0000000000000b48       0x18 string.o
 .debug_ranges  0x0000000000000b60       0x80 sysfile.o
 .debug_ranges  0x0000000000000be0       0x30 sysproc.o
 .debug_ranges  0x0000000000000c10       0x20 trap.o
 .debug_ranges  0x0000000000000c30       0x58 uart.o
 .debug_ranges  0x0000000000000c88       0x90 vm.o

.comment        0x0000000000000000       0x2b
 .comment       0x0000000000000000       0x2b bio.o
                                         0x2c (size before relaxing)
 .comment       0x000000000000002b       0x2c console.o
 .comment       0x000000000000002b       0x2c exec.o
 .comment       0x000000000000002b       0x2c file.o
 .comment       0x000000000000002b       0x2c fs.o
 .comment       0x000000000000002b       0x2c ide.o
 .comment       0x000000000000002b       0x2c ioapic.o
 .comment       0x000000000000002b       0x2c kalloc.o
 .comment       0x000000000000002b       0x2c kbd.o
 .comment       0x000000000000002b       0x2c lapic.o
 .comment       0x000000000000002b       0x2c log.o
 .comment       0x000000000000002b       0x2c main.o
 .comment       0x000000000000002b       0x2c mp.o
 .comment       0x000000000000002b       0x2c picirq.o
 .comment       0x000000000000002b       0x2c pipe.o
 .comment       0x000000000000002b       0x2c proc.o
 .comment       0x000000000000002b       0x2c sleeplock.o
 .comment       0x000000000000002b       0x2c spinlock.o
 .comment       0x000000000000002b       0x2c string.o
 .comment       0x000000000000002b       0x2c syscall.o
 .comment       0x000000000000002b       0x2c sysfile.o
 .comment       0x000000000000002b       0x2c sysproc.o
 .comment       0x000000000000002b       0x2c trap.o
 .comment       0x000000000000002b       0x2c uart.o
 .comment       0x000000000000002b       0x2c vm.o
